10-19 22:35:31.445 I/ActivityManager( 2631): appDiedLocked: app=ProcessRecord{555c5f7 10146:com.google.android.apps.nbu.files/u0a172} thread=android.os.BinderProxy@49211c7 fromBinderDied=true isKilledByAm=true reason=null
10-19 22:35:31.448 D/RestartModeController( 2631): markWaitRestartAppIsSuicided null processName=com.google.android.apps.nbu.files
10-19 22:35:31.448 D/ActivityTaskManager( 2631): handleAppDied: uid=10172,diedCount=1,lastDiedTime=48573412,forceStopUids=false
10-19 22:35:31.449 D/DisplayManagerService( 2631): Drop pending events for gone uid 10172
10-19 22:35:31.466 I/ActivityManager( 2631): appDiedLocked: app=ProcessRecord{87154bb 19291:com.android.systemui:screenshot/u0a313} thread=android.os.BinderProxy@bd194d7 fromBinderDied=true isKilledByAm=true reason=null
10-19 22:35:31.470 D/RestartModeController( 2631): markWaitRestartAppIsSuicided null processName=com.android.systemui:screenshot
10-19 22:35:31.471 D/ActivityTaskManager( 2631): handleAppDied: uid=10313,diedCount=1,lastDiedTime=48642195,forceStopUids=false
10-19 22:35:31.471 W/ActivityManager( 2631): setHasOverlayUi called on unknown pid: 19291
10-19 22:35:31.482 D/addPss  ( 2631): tracker=ProcessState{1633bb8 com.motorola.screenshoteditor/10197 pkg=com.motorola.screenshoteditor}
10-19 22:35:31.486 D/addPss  ( 2631): tracker=ProcessState{490b744 com.motorola.om/10198 pkg=com.motorola.om}
10-19 22:35:31.666 I/ActivityManager( 2631): Killing 19683:com.motorola.camera3/u0a186 (adj 955, setSvc -10000): empty #31
10-19 22:35:31.716 I/ActivityManager( 2631): appDiedLocked: app=ProcessRecord{4823c4d 19683:com.motorola.camera3/u0a186} thread=android.os.BinderProxy@9ebffa7 fromBinderDied=true isKilledByAm=true reason=null
10-19 22:35:31.719 D/RestartModeController( 2631): markWaitRestartAppIsSuicided null processName=com.motorola.camera3
10-19 22:35:31.720 D/ActivityTaskManager( 2631): handleAppDied: uid=10186,diedCount=1,lastDiedTime=49300438,forceStopUids=false
10-19 22:35:31.720 D/DisplayManagerService( 2631): Drop pending events for gone uid 10186
10-19 22:35:31.815 D/ActivityManager( 2631): freezing 16174 com.openai.chatgpt, reason = oom_cached
10-19 22:35:31.824 D/ActivityManager( 2631): freezing 16467 com.google.android.webview:sandboxed_process0:org.chromium.content.app.SandboxedProcessService0:0, reason = oom_cached
10-19 22:35:31.882 I/ActivityManager( 2631): Killing 16056:com.google.android.apps.photos/u0a246 (adj 945, setSvc -10000): empty #31
10-19 22:35:31.969 I/ActivityManager( 2631): appDiedLocked: app=ProcessRecord{b66e753 16056:com.google.android.apps.photos/u0a246} thread=android.os.BinderProxy@cecd7fa fromBinderDied=true isKilledByAm=true reason=null
10-19 22:35:31.973 D/RestartModeController( 2631): markWaitRestartAppIsSuicided null processName=com.google.android.apps.photos
10-19 22:35:31.973 D/ActivityTaskManager( 2631): handleAppDied: uid=10246,diedCount=1,lastDiedTime=48833425,forceStopUids=false
10-19 22:35:31.974 D/DisplayManagerService( 2631): Drop pending events for gone uid 10246
10-19 22:35:31.988 D/ActivityTaskManager( 2631): getPreferredLaunchDisplay userset_displayid true user set display id 0, current focus display 0
10-19 22:35:31.988 I/SettingsAccessControlPolicy( 2631): isDeviceSettingsChangeDisabled: value -> false
10-19 22:35:31.990 W/OptProp ( 2631): Cannot read opt property android.window.PROPERTY_COMPAT_ALLOW_ORIENTATION_OVERRIDE
10-19 22:35:31.992 D/ActivityTaskManager( 2631): getPreferredLaunchDisplay userset_displayid true user set display id 0, current focus display 0
10-19 22:35:31.993 D/ActivityTaskManager( 2631): getPreferredLaunchDisplay userset_displayid true user set display id 0, current focus display 0
10-19 22:35:31.996 D/ActivityTaskManager( 2631): getPreferredLaunchDisplay userset_displayid true user set display id 0, current focus display 0
10-19 22:35:31.996 D/ActivityTaskManager( 2631): getPreferredLaunchDisplay userset_displayid true user set display id 0, current focus display 0
10-19 22:35:31.997 D/ActivityTaskManager( 2631): getPreferredLaunchDisplay userset_displayid true user set display id 0, current focus display 0
10-19 22:35:31.997 D/ActivityTaskManager( 2631): getPreferredLaunchDisplay userset_displayid true user set display id 0, current focus display 0
10-19 22:35:32.004 W/OptProp ( 2631): Cannot read opt property android.window.PROPERTY_COMPAT_ALLOW_MIN_ASPECT_RATIO_OVERRIDE
10-19 22:35:32.006 D/PowerManagerService( 2631): nativeSetPowerMode ret:false mode:5 enabled:true duration ms: 0
10-19 22:35:32.009 I/ActivityTaskManager( 2631): START u0 {act=android.intent.action.MAIN cat=[android.intent.category.LAUNCHER] flg=0x10008000 cmp=com.android.settings/.Settings$UsbDetailsActivity} with LAUNCH_MULTIPLE from uid 1000 (realCallingUid=10313) (PendingIntentRecord) (BAL_ALLOW_VISIBLE_WINDOW) result code=0
10-19 22:35:32.009 D/CoreBackPreview( 2631): Window{cecdf2f u0 com.android.settings/com.android.settings.Settings$DevelopmentSettingsActivity}: Setting back callback null
10-19 22:35:32.012 D/CoreBackPreview( 2631): Window{536e02b u0 NotificationShade}: Setting back callback null
10-19 22:35:32.012 V/WindowManagerShell( 3504): Transition requested (#2431): android.os.BinderProxy@27c3cd4 TransitionRequestInfo { type = OPEN, triggerTask = TaskInfo{userId=0 taskId=17650 displayId=0 isRunning=true baseIntent=Intent { act=android.settings.APPLICATION_DEVELOPMENT_SETTINGS flg=0x10008000 pkg=com.android.settings cmp=com.android.settings/.Settings$DevelopmentSettingsActivity } baseActivity=ComponentInfo{com.android.settings/com.android.settings.Settings$UsbDetailsActivity} topActivity=ComponentInfo{com.android.settings/com.android.settings.Settings$UsbDetailsActivity} origActivity=null realActivity=ComponentInfo{com.android.settings/com.android.settings.Settings$DevelopmentSettingsActivity} numActivities=1 lastActiveTime=105143690 supportsMultiWindow=true supportsGlobalFreeform=true resizeMode=1 isResizeable=true isAppLocked=false isShowDecorCaptionWindowRequest=false canKillAndRestart=false minWidth=-1 minHeight=-1 defaultMinSize=200 token=WCT{android.window.IWindowContainerToken$Stub$Proxy@966ae7d} topActivityType=1 pictureInPictureParams=null shouldDockBigOverlays=false launchIntoPipHostTaskId=-1 lastParentTaskIdBeforePip=-1 displayCutoutSafeInsets=Rect(0, 108 - 0, 0) topActivityInfo=ActivityInfo{b909172 com.android.settings.Settings$UsbDetailsActivity} launchCookies=[] positionInParent=Point(0, 0) parentTaskId=-1 isFocused=true isVisible=true isVisibleRequested=false isSleeping=false locusId=null displayAreaFeatureId=1 isTopActivityTransparent=false appCompatTaskInfo=AppCompatTaskInfo { topActivityInSizeCompat=false topActivityEligibleForLetterboxEducation= falseisLetterboxEducationEnabled= false isLetterboxDoubleTapEnabled= false topActivityEligibleForUserAspectRatioButton= false topActivityBoundsLetterboxed= false isFromLetterboxDoubleTap= false topActivityLetterboxVerticalPosition= -1 topActivityLetterboxHorizontalPosition= -1 topActivityLetterboxWidth=1080 topActivityLetterboxHeight=2400 isUserFullscreenOverrideEnabled=false isSystemFullscreenOverrideEnabled=false cameraCompatTaskInfo=CameraCompatTaskInfo { cameraCompatControlState=hidden freeformCameraCompatMode=inactive}}}, pipTask = null, remoteTransition = null, displayChange = null, flags = 0, debugId = 2431 }
10-19 22:35:32.022 D/CoreBackPreview( 2631): Window{88b6c63 u0 com.android.settings.intelligence/com.android.settings.intelligence.search.SearchActivity}: Setting back callback null
10-19 22:35:32.027 W/UsageStatsService( 2631): Unexpected activity event reported! (com.android.settings.intelligence/com.android.settings.intelligence.search.SearchActivity event : 23 instanceId : 206415669)
10-19 22:35:32.033 W/UsageStatsService( 2631): Unexpected activity event reported! (com.android.settings/com.android.settings.Settings$DevelopmentSettingsActivity event : 23 instanceId : 47980715)
10-19 22:35:32.039 I/ActivityTaskManager( 2631): The Process com.android.settings Already Exists in BG. So sending its PID: 9377
10-19 22:35:32.042 W/OptProp ( 2631): Cannot read opt property android.window.PROPERTY_COMPAT_ALLOW_RESIZEABLE_ACTIVITY_OVERRIDES
10-19 22:35:32.048 V/WindowManagerShell( 3504): onTransitionReady(transaction=11300059128349)
10-19 22:35:32.049 V/WindowManagerShell( 3504): onTransitionReady (#2431) android.os.BinderProxy@27c3cd4: {id=2431 t=OPEN f=0x0 trk=0 r=[0@Point(0, 0)] c=[{null m=OPEN f=FILLS_TASK|IS_BEHIND_STARTING_WINDOW leash=Surface(name=ActivityRecord{9a6c52 u0 com.android.settings/.Settings$UsbDetailsActivity)/@0xdc2d9e2 sb=Rect(0, 0 - 0, 0) eb=Rect(0, 0 - 1080, 2400) d=-1->0 r=-1->0:-1 bc=ff000000 component=com.android.settings/.Settings$UsbDetailsActivity},{null m=CLOSE f=FILLS_TASK|IS_BEHIND_STARTING_WINDOW leash=Surface(name=ActivityRecord{d5d9243 u0 com.android.settings/.SubSettings)/@0x125d173 sb=Rect(0, 0 - 1080, 2400) eb=Rect(0, 0 - 1080, 2400) d=0 bc=ff000000 component=com.android.settings/.SubSettings}]}
10-19 22:35:32.049 V/WindowManagerShell( 3504): Playing animation for (#2431) android.os.BinderProxy@27c3cd4@0
10-19 22:35:32.049 V/WindowManagerShell( 3504):  try handler com.android.wm.shell.transition.DefaultMixedHandler@89967d2
10-19 22:35:32.049 V/WindowManagerShell( 3504):  try handler com.android.wm.shell.keyguard.KeyguardTransitionHandler@55f60a3
10-19 22:35:32.049 V/WindowManagerShell( 3504):  try handler com.android.wm.shell.pip.PipTransition@a1fffa0
10-19 22:35:32.049 V/WindowManagerShell( 3504):  try handler com.android.wm.shell.activityembedding.ActivityEmbeddingController@542c759
10-19 22:35:32.049 V/WindowManagerShell( 3504):  try handler com.android.wm.shell.recents.RecentsTransitionHandler@e022f1e
10-19 22:35:32.049 V/ShellRecents( 3504): RecentsTransitionHandler.startAnimation: no controller found
10-19 22:35:32.049 V/WindowManagerShell( 3504):  try handler com.android.wm.shell.splitscreen.StageCoordinator@7d63ff
10-19 22:35:32.049 V/WindowManagerShell( 3504):  try handler com.android.wm.shell.transition.RemoteTransitionHandler@1575cc
10-19 22:35:32.049 V/WindowManagerShell( 3504): Transition doesn't have explicit remote, search filters for match for {id=2431 t=OPEN f=0x0 trk=0 r=[0@Point(0, 0)] c=[{null m=OPEN f=FILLS_TASK|IS_BEHIND_STARTING_WINDOW leash=Surface(name=ActivityRecord{9a6c52 u0 com.android.settings/.Settings$UsbDetailsActivity)/@0xdc2d9e2 sb=Rect(0, 0 - 0, 0) eb=Rect(0, 0 - 1080, 2400) d=-1->0 r=-1->0:-1 bc=ff000000 component=com.android.settings/.Settings$UsbDetailsActivity},{null m=CLOSE f=FILLS_TASK|IS_BEHIND_STARTING_WINDOW leash=Surface(name=ActivityRecord{d5d9243 u0 com.android.settings/.SubSettings)/@0x125d173 sb=Rect(0, 0 - 1080, 2400) eb=Rect(0, 0 - 1080, 2400) d=0 bc=ff000000 component=com.android.settings/.SubSettings}]}
10-19 22:35:32.049 V/WindowManagerShell( 3504):  Checking filter Pair{{types=[] flags=0x0] notFlags=0x100 checks=[{atype=home independent=true modes=[OPEN,TO_FRONT] flags=NONE mustBeTask=false order=TOP topActivity=ComponentInfo{com.motorola.launcher3/com.android.launcher3.uioverrides.QuickstepLauncher} launchCookie=null},{atype=standard independent=true modes=[CLOSE,TO_BACK] flags=NONE mustBeTask=false order=ANY topActivity=null launchCookie=null}]} RemoteTransition { remoteTransition = android.window.IRemoteTransition$Stub$Proxy@f071402, appThread = android.app.IApplicationThread$Stub$Proxy@9a85113, debugName = QuickstepLaunchHome }}
10-19 22:35:32.049 V/WindowManagerShell( 3504):  Delegate animation for (#2431) to null
10-19 22:35:32.049 V/WindowManagerShell( 3504):  try handler com.android.wm.shell.transition.DefaultTransitionHandler@acf8015
10-19 22:35:32.049 V/WindowManagerShell( 3504): start default transition animation, info = {id=2431 t=OPEN f=0x0 trk=0 r=[0@Point(0, 0)] c=[{null m=OPEN f=FILLS_TASK|IS_BEHIND_STARTING_WINDOW leash=Surface(name=ActivityRecord{9a6c52 u0 com.android.settings/.Settings$UsbDetailsActivity)/@0xdc2d9e2 sb=Rect(0, 0 - 0, 0) eb=Rect(0, 0 - 1080, 2400) d=-1->0 r=-1->0:-1 bc=ff000000 component=com.android.settings/.Settings$UsbDetailsActivity},{null m=CLOSE f=FILLS_TASK|IS_BEHIND_STARTING_WINDOW leash=Surface(name=ActivityRecord{d5d9243 u0 com.android.settings/.SubSettings)/@0x125d173 sb=Rect(0, 0 - 1080, 2400) eb=Rect(0, 0 - 1080, 2400) d=0 bc=ff000000 component=com.android.settings/.SubSettings}]}
10-19 22:35:32.050 V/WindowManagerShell( 3504): loadAnimation: anim=android.view.animation.AnimationSet@e8d75c animAttr=0x5 type=OPEN isEntrance=false
10-19 22:35:32.051 I/ActivityManager( 2631): Killing 5586:com.jio.myjio/u0a375 (adj 920, setSvc -10000): empty #31
10-19 22:35:32.062 V/WindowManager( 2631): Sent Transition (#2431) createdAt=10-19 22:35:31.992 via request=TransitionRequestInfo { type = OPEN, triggerTask = TaskInfo{userId=0 taskId=17650 displayId=0 isRunning=true baseIntent=Intent { act=android.settings.APPLICATION_DEVELOPMENT_SETTINGS flg=0x10008000 pkg=com.android.settings cmp=com.android.settings/.Settings$DevelopmentSettingsActivity } baseActivity=ComponentInfo{com.android.settings/com.android.settings.Settings$UsbDetailsActivity} topActivity=ComponentInfo{com.android.settings/com.android.settings.Settings$UsbDetailsActivity} origActivity=null realActivity=ComponentInfo{com.android.settings/com.android.settings.Settings$DevelopmentSettingsActivity} numActivities=1 lastActiveTime=105143690 supportsMultiWindow=true supportsGlobalFreeform=true resizeMode=1 isResizeable=true isAppLocked=false isShowDecorCaptionWindowRequest=false canKillAndRestart=false minWidth=-1 minHeight=-1 defaultMinSize=200 token=WCT{RemoteToken{86e06b2 Task{3f0d125 #17650 type=standard A=1000:com.android.settings}}} topActivityType=1 pictureInPictureParams=null shouldDockBigOverlays=false launchIntoPipHostTaskId=-1 lastParentTaskIdBeforePip=-1 displayCutoutSafeInsets=Rect(0, 108 - 0, 0) topActivityInfo=ActivityInfo{111bc57 com.android.settings.Settings$UsbDetailsActivity} launchCookies=[] positionInParent=Point(0, 0) parentTaskId=-1 isFocused=true isVisible=true isVisibleRequested=false isSleeping=false locusId=null displayAreaFeatureId=1 isTopActivityTransparent=false appCompatTaskInfo=AppCompatTaskInfo { topActivityInSizeCompat=false topActivityEligibleForLetterboxEducation= falseisLetterboxEducationEnabled= false isLetterboxDoubleTapEnabled= false topActivityEligibleForUserAspectRatioButton= false topActivityBoundsLetterboxed= false isFromLetterboxDoubleTap= false topActivityLetterboxVerticalPosition= -1 topActivityLetterboxHorizontalPosition= -1 topActivityLetterboxWidth=1080 topActivityLetterboxHeight=2400 isUserFullscreenOverrideEnabled=false isSystemFullscreenOverrideEnabled=false cameraCompatTaskInfo=CameraCompatTaskInfo { cameraCompatControlState=hidden freeformCameraCompatMode=inactive}}}, pipTask = null, remoteTransition = null, displayChange = null, flags = 0, debugId = 2431 }
10-19 22:35:32.062 V/WindowManager( 2631):     startWCT=WindowContainerTransaction { changes = {} hops = [] errorCallbackToken=null taskFragmentOrganizer=null }
10-19 22:35:32.063 V/WindowManager( 2631):     info={id=2431 t=OPEN f=0x0 trk=0 r=[0@Point(0, 0)] c=[
10-19 22:35:32.063 V/WindowManager( 2631):         {null m=OPEN f=FILLS_TASK|IS_BEHIND_STARTING_WINDOW leash=Surface(name=ActivityRecord{9a6c52 u0 com.android.settings/.Settings$UsbDetailsActivity)/@0xf7a205f sb=Rect(0, 0 - 0, 0) eb=Rect(0, 0 - 1080, 2400) d=-1->0 r=-1->0:-1 bc=ff000000 component=com.android.settings/.Settings$UsbDetailsActivity},
10-19 22:35:32.063 V/WindowManager( 2631):         {null m=CLOSE f=FILLS_TASK|IS_BEHIND_STARTING_WINDOW leash=Surface(name=ActivityRecord{d5d9243 u0 com.android.settings/.SubSettings)/@0xbb3da3 sb=Rect(0, 0 - 1080, 2400) eb=Rect(0, 0 - 1080, 2400) d=0 bc=ff000000 component=com.android.settings/.SubSettings}
10-19 22:35:32.063 V/WindowManager( 2631):     ]}
10-19 22:35:32.070 I/SettingsAccessControlPolicy( 2631): isDeviceSettingsChangeDisabled: value -> false
10-19 22:35:32.077 W/UserManagerService( 2631): Requested status bar icon for non-badged user 0
10-19 22:35:32.082 V/WindowManagerShell( 3504): loadAnimation: anim=android.view.animation.AnimationSet@4f10cbf animAttr=0x4 type=OPEN isEntrance=true
10-19 22:35:32.110 V/WindowManagerShell( 3504):  animated by com.android.wm.shell.transition.DefaultTransitionHandler@acf8015
10-19 22:35:32.136 I/SettingsAccessControlPolicy( 2631): isDeviceSettingsChangeDisabled: value -> false
10-19 22:35:32.149 I/ActivityManager( 2631): appDiedLocked: app=ProcessRecord{a46b8ac 5586:com.jio.myjio/u0a375} thread=android.os.BinderProxy@1741422 fromBinderDied=true isKilledByAm=true reason=null
10-19 22:35:32.154 D/RestartModeController( 2631): markWaitRestartAppIsSuicided null processName=com.jio.myjio
10-19 22:35:32.155 D/ActivityTaskManager( 2631): handleAppDied: uid=10375,diedCount=1,lastDiedTime=48071225,forceStopUids=false
10-19 22:35:32.155 D/DisplayManagerService( 2631): Drop pending events for gone uid 10375
10-19 22:35:32.170 D/CoreBackPreview( 2631): Window{a8e0c5d u0 com.android.settings/com.android.settings.Settings$UsbDetailsActivity}: Setting back callback OnBackInvokedCallbackInfo{mCallback=android.window.IOnBackInvokedCallback$Stub$Proxy@2241159, mPriority=-1, mIsAnimationCallback=false}
10-19 22:35:32.323 W/PackageConfigPersister( 2631): App-specific configuration not found for packageName: com.android.settings and userId: 0
10-19 22:35:32.341 D/PowerManagerService( 2631): nativeSetPowerMode ret:false mode:5 enabled:false duration ms: 0
10-19 22:35:32.564 V/WindowManagerShell( 3504): Transition animation finished (aborted=false), notifying core (#2431) android.os.BinderProxy@27c3cd4@0
10-19 22:35:32.566 V/WindowManager( 2631): Finish Transition (#2431): created at 10-19 22:35:31.992 collect-started=0.102ms request-sent=15.267ms started=20.727ms ready=50.128ms sent=54.715ms finished=573.703ms
10-19 22:35:32.569 V/WindowManagerShell( 3504): Track 0 became idle
10-19 22:35:32.569 V/WindowManagerShell( 3504): All active transition animations finished
10-19 22:35:32.579 D/CoreBackPreview( 2631): Window{b285158 u0 com.android.settings/com.android.settings.SubSettings}: Setting back callback null
10-19 22:35:32.594 W/UserManagerService( 2631): Requested status bar icon for non-badged user 0
10-19 22:35:32.596 W/UserManagerService( 2631): Requested status bar icon for non-badged user 0
10-19 22:35:32.596 W/UserManagerService( 2631): Requested status bar icon for non-badged user 0
10-19 22:35:32.597 W/UserManagerService( 2631): Requested status bar icon for non-badged user 0
10-19 22:35:32.623 D/BatteryService( 2631): uevent={POWER_SUPPLY_VOLTAGE_NOW=4120659, POWER_SUPPLY_CHARGE_CONTROL_LIMIT_MAX=7, POWER_SUPPLY_TYPE=Battery, POWER_SUPPLY_HEALTH=Good, POWER_SUPPLY_TECHNOLOGY=Li-ion, POWER_SUPPLY_CHARGE_FULL_DESIGN=5109000, SEQNUM=43337, POWER_SUPPLY_CHARGE_CONTROL_LIMIT=3, POWER_SUPPLY_STATUS=Charging, POWER_SUPPLY_CURRENT_MAX=1500000, POWER_SUPPLY_CYCLE_COUNT=66, POWER_SUPPLY_CHARGE_TERM_CURRENT=-100, POWER_SUPPLY_CAPACITY=57, DEVPATH=/devices/platform/soc/1c40000.qcom,spmi/spmi-0/0-02/1c40000.qcom,spmi:qcom,pm7250b@2:qcom,qpnp-smb5-mmi/power_supply/battery, POWER_SUPPLY_CHARGE_TYPE=Fast, POWER_SUPPLY_CHARGE_RATE=Turbo, POWER_SUPPLY_INPUT_CURRENT_LIMIT=0, POWER_SUPPLY_CURRENT_NOW=1571656, POWER_SUPPLY_PRESENT=1, POWER_SUPPLY_CHARGE_FULL=5109000, POWER_SUPPLY_TIME_TO_FULL_NOW=-1, POWER_SUPPLY_CONSTANT_CHARGE_CURRENT=1500000, SUBSYSTEM=power_supply, POWER_SUPPLY_TEMP=361, ACTION=change, POWER_SUPPLY_NAME=battery, POWER_SUPPLY_VOLTAGE_MAX=4500000, POWER_SUPPLY_CONSTANT_CHARGE_CURRENT_MAX=4000000, POWER_SUPPLY_CHARGE_COUNTER=2875856}
10-19 22:35:32.624 D/BatteryService( 2631): uevent={POWER_SUPPLY_VOLTAGE_NOW=4120659, POWER_SUPPLY_CHARGE_CONTROL_LIMIT_MAX=7, POWER_SUPPLY_TYPE=Battery, POWER_SUPPLY_HEALTH=Good, POWER_SUPPLY_TECHNOLOGY=Li-ion, POWER_SUPPLY_CHARGE_FULL_DESIGN=5109000, SEQNUM=43337, POWER_SUPPLY_CHARGE_CONTROL_LIMIT=3, POWER_SUPPLY_STATUS=Charging, POWER_SUPPLY_CURRENT_MAX=1500000, POWER_SUPPLY_CYCLE_COUNT=66, POWER_SUPPLY_CHARGE_TERM_CURRENT=-100, POWER_SUPPLY_CAPACITY=57, DEVPATH=/devices/platform/soc/1c40000.qcom,spmi/spmi-0/0-02/1c40000.qcom,spmi:qcom,pm7250b@2:qcom,qpnp-smb5-mmi/power_supply/battery, POWER_SUPPLY_CHARGE_TYPE=Fast, POWER_SUPPLY_CHARGE_RATE=Turbo, POWER_SUPPLY_INPUT_CURRENT_LIMIT=0, POWER_SUPPLY_CURRENT_NOW=1571656, POWER_SUPPLY_PRESENT=1, POWER_SUPPLY_CHARGE_FULL=5109000, POWER_SUPPLY_TIME_TO_FULL_NOW=-1, POWER_SUPPLY_CONSTANT_CHARGE_CURRENT=1500000, SUBSYSTEM=power_supply, POWER_SUPPLY_TEMP=361, ACTION=change, POWER_SUPPLY_NAME=battery, POWER_SUPPLY_VOLTAGE_MAX=4500000, POWER_SUPPLY_CONSTANT_CHARGE_CURRENT_MAX=4000000, POWER_SUPPLY_CHARGE_COUNTER=2875856}
10-19 22:35:32.626 D/BatteryService( 2631): uevent={POWER_SUPPLY_VOLTAGE_NOW=4120659, POWER_SUPPLY_CHARGE_CONTROL_LIMIT_MAX=7, POWER_SUPPLY_TYPE=Battery, POWER_SUPPLY_HEALTH=Good, POWER_SUPPLY_TECHNOLOGY=Li-ion, POWER_SUPPLY_CHARGE_FULL_DESIGN=5109000, SEQNUM=43338, POWER_SUPPLY_CHARGE_CONTROL_LIMIT=3, POWER_SUPPLY_STATUS=Charging, POWER_SUPPLY_CURRENT_MAX=1500000, POWER_SUPPLY_CYCLE_COUNT=66, POWER_SUPPLY_CHARGE_TERM_CURRENT=-100, POWER_SUPPLY_CAPACITY=57, DEVPATH=/devices/platform/soc/1c40000.qcom,spmi/spmi-0/0-02/1c40000.qcom,spmi:qcom,pm7250b@2:qcom,qpnp-smb5-mmi/power_supply/battery, POWER_SUPPLY_CHARGE_TYPE=Fast, POWER_SUPPLY_INPUT_CURRENT_LIMIT=0, POWER_SUPPLY_CURRENT_NOW=1571656, POWER_SUPPLY_PRESENT=1, POWER_SUPPLY_CHARGE_FULL=5109000, POWER_SUPPLY_TIME_TO_FULL_NOW=-1, POWER_SUPPLY_CONSTANT_CHARGE_CURRENT=1500000, SUBSYSTEM=power_supply, POWER_SUPPLY_TEMP=361, ACTION=change, POWER_SUPPLY_NAME=battery, POWER_SUPPLY_VOLTAGE_MAX=4500000, POWER_SUPPLY_CONSTANT_CHARGE_CURRENT_MAX=4000000, POWER_SUPPLY_CHARGE_COUNTER=2875856}
10-19 22:35:32.626 D/BatteryService( 2631): uevent={POWER_SUPPLY_VOLTAGE_NOW=4120659, POWER_SUPPLY_CHARGE_CONTROL_LIMIT_MAX=7, POWER_SUPPLY_TYPE=Battery, POWER_SUPPLY_HEALTH=Good, POWER_SUPPLY_TECHNOLOGY=Li-ion, POWER_SUPPLY_CHARGE_FULL_DESIGN=5109000, SEQNUM=43338, POWER_SUPPLY_CHARGE_CONTROL_LIMIT=3, POWER_SUPPLY_STATUS=Charging, POWER_SUPPLY_CURRENT_MAX=1500000, POWER_SUPPLY_CYCLE_COUNT=66, POWER_SUPPLY_CHARGE_TERM_CURRENT=-100, POWER_SUPPLY_CAPACITY=57, DEVPATH=/devices/platform/soc/1c40000.qcom,spmi/spmi-0/0-02/1c40000.qcom,spmi:qcom,pm7250b@2:qcom,qpnp-smb5-mmi/power_supply/battery, POWER_SUPPLY_CHARGE_TYPE=Fast, POWER_SUPPLY_INPUT_CURRENT_LIMIT=0, POWER_SUPPLY_CURRENT_NOW=1571656, POWER_SUPPLY_PRESENT=1, POWER_SUPPLY_CHARGE_FULL=5109000, POWER_SUPPLY_TIME_TO_FULL_NOW=-1, POWER_SUPPLY_CONSTANT_CHARGE_CURRENT=1500000, SUBSYSTEM=power_supply, POWER_SUPPLY_TEMP=361, ACTION=change, POWER_SUPPLY_NAME=battery, POWER_SUPPLY_VOLTAGE_MAX=4500000, POWER_SUPPLY_CONSTANT_CHARGE_CURRENT_MAX=4000000, POWER_SUPPLY_CHARGE_COUNTER=2875856}
10-19 22:35:32.641 D/PowerUI ( 3504): can't show warning due to - plugged: true status unknown: false
10-19 22:35:32.644 V/UiModeManager( 2631): updateLocked: null action, mDockState=0, category=null
10-19 22:35:32.644 D/UiModeManager( 2631): updateConfigurationLocked: mDockState=0; mCarMode=false; mNightMode=com.android.server.UiModeManagerService$1@42afc21; mNightModeCustomType=-1; uiMode=33
10-19 22:35:32.646 V/UiModeManager( 2631): updateLocked: null action, mDockState=0, category=null
10-19 22:35:32.646 D/UiModeManager( 2631): updateConfigurationLocked: mDockState=0; mCarMode=false; mNightMode=com.android.server.UiModeManagerService$1@42afc21; mNightModeCustomType=-1; uiMode=33
10-19 22:35:32.649 D/PowerUI ( 3504): can't show warning due to - plugged: true status unknown: false
10-19 22:35:32.650 D/PowerUI ( 3504): can't show warning due to - plugged: true status unknown: false
10-19 22:35:32.736 D/addPss  ( 2631): tracker=ProcessState{57a7933 com.android.vending/10215 pkg=com.android.vending}
10-19 22:35:32.738 D/addPss  ( 2631): tracker=ProcessState{99793fd com.android.vending:quick_launch/10215 pkg=com.android.vending}
10-19 22:35:32.740 D/addPss  ( 2631): tracker=ProcessState{d20deb2 com.android.vending:background/10215 pkg=com.android.vending}
10-19 22:35:33.498 I/DisplayDeviceRepository( 2631): Display device changed render timings: "Built-in Screen", renderFrameRate=60.000004, presentationDeadlineNanos=16666666, appVsyncOffsetNanos=1000000
10-19 22:35:33.500 D/BrightnessThermalClamper( 2631): Thermal status observer already started
10-19 22:35:33.501 D/DisplayManagerService( 2631): Ignore redundant display event 0/2 to 10328/4695
10-19 22:35:33.502 D/DisplayManagerService( 2631): Ignore redundant display event 0/2 to 10215/13077
10-19 22:35:33.502 D/DisplayManagerService( 2631): Ignore redundant display event 0/2 to 10227/13446
10-19 22:35:33.502 D/DisplayManagerService( 2631): Ignore redundant display event 0/2 to 10513/16174
10-19 22:35:33.502 D/DisplayManagerService( 2631): Ignore redundant display event 0/2 to 10538/18834
10-19 22:35:33.502 D/DisplayManagerService( 2631): Ignore redundant display event 0/2 to 10197/19374
10-19 22:35:33.502 D/DisplayManagerService( 2631): Ignore redundant display event 0/2 to 10389/20447
10-19 22:35:33.503 D/DisplayManagerService( 2631): Ignore redundant display event 0/2 to 10208/31447
10-19 22:35:33.847 D/BiometricService/PreAuthInfo( 2631): Package: com.android.settings Sensor ID: 0 Modality: 2 Status: 1
10-19 22:35:33.848 D/BiometricService/PreAuthInfo( 2631): Package: com.android.settings Sensor ID: 4 Modality: 8 Status: 7
10-19 22:35:33.849 D/BiometricService/PreAuthInfo( 2631): getCanAuthenticateInternal Modality: 3 AuthenticatorStatus: 1
10-19 22:35:33.849 D/BiometricService( 2631): handleAuthenticate: modality(3), status(0), preAuthInfo: BiometricRequested: true, StrengthRequested: 255, CredentialRequested: true, Eligible:{0 }, Ineligible:{ID(4), oemStrength: 15, updatedStrength: 15, modality 8, state: 0, cookie: 0:7 }, CredentialAvailable: true,  requestId: 4 promptInfo.isIgnoreEnrollmentState: false
10-19 22:35:33.849 D/BiometricService( 2631): Creating authSession with authRequest: BiometricRequested: true, StrengthRequested: 255, CredentialRequested: true, Eligible:{0 }, Ineligible:{ID(4), oemStrength: 15, updatedStrength: 15, modality 8, state: 0, cookie: 0:7 }, CredentialAvailable: true, 
10-19 22:35:33.849 D/BiometricService/AuthSession( 2631): Creating AuthSession with: BiometricRequested: true, StrengthRequested: 255, CredentialRequested: true, Eligible:{0 }, Ineligible:{ID(4), oemStrength: 15, updatedStrength: 15, modality 8, state: 0, cookie: 0:7 }, CredentialAvailable: true, 
10-19 22:35:33.849 V/BiometricService/AuthSession( 2631): set to unknown state sensor: 0
10-19 22:35:33.849 V/BiometricService/AuthSession( 2631): waiting for cooking for sensor: 0
10-19 22:35:33.851 D/BiometricUtils( 2631): isUdfpsLocalHbmSupport defaultSupport=true debugSupport=false
10-19 22:35:33.851 D/BiometricLogger( 2631): onAllAuthenticatorsRegistered mUdfpsSupport=true
10-19 22:35:33.852 D/BiometricScheduler( 2631): [Added] {[357] com.android.server.biometrics.sensors.fingerprint.aidl.FingerprintAuthenticationClient, proto=3, owner=com.android.settings, cookie=1194908097, requestId=4, userId=0}, new queue size: 1
10-19 22:35:33.853 D/BiometricScheduler( 2631): [Polled] {[357] com.android.server.biometrics.sensors.fingerprint.aidl.FingerprintAuthenticationClient, proto=3, owner=com.android.settings, cookie=1194908097, requestId=4, userId=0}, State: 0
10-19 22:35:33.853 D/GestureAvailabilityTracker( 2631): Notifying gesture availability, active=false
10-19 22:35:33.853 D/BiometricScheduler( 2631): Waiting for cookie before starting: {[357] com.android.server.biometrics.sensors.fingerprint.aidl.FingerprintAuthenticationClient, proto=3, owner=com.android.settings, cookie=1194908097, requestId=4, userId=0}, State: 4
10-19 22:35:33.853 D/BiometricService/Sensor( 2631): Sensor(0) matched cookie: 1194908097
10-19 22:35:33.853 D/BiometricService/AuthSession( 2631): Remaining cookies: 0
10-19 22:35:33.859 I/DisplayDeviceRepository( 2631): Display device changed render timings: "Built-in Screen", renderFrameRate=120.00001, presentationDeadlineNanos=13333333, appVsyncOffsetNanos=1000000
10-19 22:35:33.860 D/BrightnessThermalClamper( 2631): Thermal status observer already started
10-19 22:35:33.861 D/DisplayManagerService( 2631): Ignore redundant display event 0/2 to 10328/4695
10-19 22:35:33.862 D/DisplayManagerService( 2631): Ignore redundant display event 0/2 to 10215/13077
10-19 22:35:33.862 D/DisplayManagerService( 2631): Ignore redundant display event 0/2 to 10227/13446
10-19 22:35:33.862 D/DisplayManagerService( 2631): Ignore redundant display event 0/2 to 10513/16174
10-19 22:35:33.862 D/DisplayManagerService( 2631): Ignore redundant display event 0/2 to 10538/18834
10-19 22:35:33.862 D/DisplayManagerService( 2631): Ignore redundant display event 0/2 to 10197/19374
10-19 22:35:33.862 D/DisplayManagerService( 2631): Ignore redundant display event 0/2 to 10389/20447
10-19 22:35:33.862 D/DisplayManagerService( 2631): Ignore redundant display event 0/2 to 10208/31447
10-19 22:35:33.920 W/AppOps  ( 2631): Noting op not finished: uid 10313 pkg com.android.systemui code 24 startTime of in progress event=1760892839949
10-19 22:35:33.929 D/CoreBackPreview( 2631): Window{f5d4dcd u0 BiometricPrompt}: Setting back callback OnBackInvokedCallbackInfo{mCallback=android.window.IOnBackInvokedCallback$Stub$Proxy@62a5efc, mPriority=0, mIsAnimationCallback=false}
10-19 22:35:33.981 E/PersistenceController( 2631): SettingNotFoundException: sv_custom_ai_icon_enabled
10-19 22:35:33.987 W/PackageConfigPersister( 2631): App-specific configuration not found for packageName: com.android.systemui and userId: 0
10-19 22:35:34.198 D/BiometricService( 2631): handleOnDialogAnimatedIn
10-19 22:35:34.198 V/BiometricService/AuthSession( 2631): Starting sensor: 0
10-19 22:35:34.199 D/BiometricScheduler( 2631): [Started] {[357] com.android.server.biometrics.sensors.fingerprint.aidl.FingerprintAuthenticationClient, proto=3, owner=com.android.settings, cookie=1194908097, requestId=4, userId=0}
10-19 22:35:34.199 D/BiometricStateCallback( 2631): State updated from 0 to 3, client {[357] com.android.server.biometrics.sensors.fingerprint.aidl.FingerprintAuthenticationClient, proto=3, owner=com.android.settings, cookie=1194908097, requestId=4, userId=0}
10-19 22:35:34.199 D/BiometricUtils( 2631): isEncrypted: false isLockdown: false
10-19 22:35:34.199 D/WindowManager( 2631): applyUdfpsZeroTapConditions udfpsStateChanged=true isKeyguardAuthState=false isUdfpsActivated=true isAmbientDisplayAvailable=1 isDozeEnabled=true enable=false
10-19 22:35:34.199 D/TouchHwAidlService( 2631): enableTapWake mode=16 displayId=-1 mGestureStowMode=true
10-19 22:35:34.200 D/Biometrics/AuthenticationClient( 2631): Requesting auth for com.android.settings
10-19 22:35:34.213 D/TouchHwAidlService( 2631): setGestureModeHal done mode=16 newMode=16 result=0
10-19 22:35:34.213 D/TouchHwAidlService( 2631): Unregister stow sensor
10-19 22:35:34.213 D/TouchHwAidlService( 2631): enableGestureStowMode stowed: false
10-19 22:35:34.214 D/TouchHwAidlService( 2631): setStowGestureMode stowed=false ret=0
10-19 22:35:34.234 V/ALSProbe( 2631): Enable ALS: 160774180
10-19 22:35:34.235 D/FingerprintProvider/default( 2631): onClientStateChanged clientMonitor: {[357] com.android.server.biometrics.sensors.fingerprint.aidl.FingerprintAuthenticationClient, proto=3, owner=com.android.settings, cookie=1194908097, requestId=4, userId=0} callers: com.android.server.biometrics.sensors.ClientMonitorCompositeCallback.onClientStateChanged:65 com.android.server.biometrics.sensors.ClientMonitorCompositeCallback.onClientStateChanged:65 com.android.server.biometrics.sensors.fingerprint.aidl.FingerprintAuthenticationClient.start:167 com.android.server.biometrics.sensors.BiometricSchedulerOperation.doStart:252 com.android.server.biometrics.sensors.BiometricSchedulerOperation.startWithCookie:222 
10-19 22:35:34.235 D/BiometricStateCallback( 2631): onClientStateChanged client={[357] com.android.server.biometrics.sensors.fingerprint.aidl.FingerprintAuthenticationClient, proto=3, owner=com.android.settings, cookie=1194908097, requestId=4, userId=0} newState=2
10-19 22:35:34.236 D/BiometricScheduler( 2631): [StateChanged] {[357] com.android.server.biometrics.sensors.fingerprint.aidl.FingerprintAuthenticationClient, proto=3, owner=com.android.settings, cookie=1194908097, requestId=4, userId=0}, state: 2
10-19 22:35:34.236 V/BiometricSchedulerOperation( 2631): started: {[357] com.android.server.biometrics.sensors.fingerprint.aidl.FingerprintAuthenticationClient, proto=3, owner=com.android.settings, cookie=1194908097, requestId=4, userId=0}, State: 2
10-19 22:35:34.236 D/BiometricScheduler( 2631): [Started] Prepared client: {[357] com.android.server.biometrics.sensors.fingerprint.aidl.FingerprintAuthenticationClient, proto=3, owner=com.android.settings, cookie=1194908097, requestId=4, userId=0}, State: 2
10-19 22:35:35.154 V/PowerManager( 3504): userActivity when=49409472 event=2 flags=0 displayId=0 by (com.android.systemui) callers=com.android.systemui.biometrics.UdfpsController.onFingerDown:119 com.android.systemui.statusbar.phone.CentralSurfacesCommandQueueCallbacks.handleUdfpsKey:289 com.android.systemui.statusbar.CommandQueue$H.handleMessage:28 
10-19 22:35:35.157 D/FingerprintAuthenticationClient( 2631): onPointerPreDown
10-19 22:35:35.158 D/FingerprintProvider/default( 2631): onClientStateChanged clientMonitor: {[357] com.android.server.biometrics.sensors.fingerprint.aidl.FingerprintAuthenticationClient, proto=3, owner=com.android.settings, cookie=1194908097, requestId=4, userId=0} callers: com.android.server.biometrics.sensors.ClientMonitorCompositeCallback.onClientStateChanged:65 com.android.server.biometrics.sensors.ClientMonitorCompositeCallback.onClientStateChanged:65 com.android.server.biometrics.sensors.fingerprint.aidl.FingerprintAuthenticationClient.onPointerPreDown:423 com.android.server.biometrics.sensors.fingerprint.aidl.FingerprintProvider.onPointerPreDown:798 com.android.server.biometrics.sensors.fingerprint.FingerprintService$1.onPointerPreDown:1115 
10-19 22:35:35.158 D/BiometricStateCallback( 2631): onClientStateChanged client={[357] com.android.server.biometrics.sensors.fingerprint.aidl.FingerprintAuthenticationClient, proto=3, owner=com.android.settings, cookie=1194908097, requestId=4, userId=0} newState=10
10-19 22:35:35.158 V/SensorOverlays( 2631): enableUdfpsHbm fpsRefreshRateRequestCallback=android.hardware.fingerprint.IUdfpsRefreshRateRequestCallback$Stub$Proxy@a4ee6d8
10-19 22:35:35.158 D/BiometricScheduler( 2631): [StateChanged] {[357] com.android.server.biometrics.sensors.fingerprint.aidl.FingerprintAuthenticationClient, proto=3, owner=com.android.settings, cookie=1194908097, requestId=4, userId=0}, state: 10
10-19 22:35:35.161 D/PanelsService( 2631): setActiveUdfpsRefreshRateMode enable=true sfDisplayModeId=0
10-19 22:35:35.162 D/PanelsService( 2631): setSfActiveRefreshRateMode enable=true mode=0
10-19 22:35:35.164 D/PanelsService( 2631): isUdfpsRequiredMode displayMode={id=1, width=1080, height=2400, fps=120.00001, vsync=120.00001, synthetic=false, alternativeRefreshRates=[60.000004, 90.0], supportedHdrTypes=[]} requiredMode={id=1, width=1080, height=2400, fps=120.00001, vsync=120.00001, synthetic=false, alternativeRefreshRates=[60.000004, 90.0], supportedHdrTypes=[]}
10-19 22:35:35.210 D/FingerprintProvider/default( 2631): onClientStateChanged clientMonitor: {[357] com.android.server.biometrics.sensors.fingerprint.aidl.FingerprintAuthenticationClient, proto=3, owner=com.android.settings, cookie=1194908097, requestId=4, userId=0} callers: com.android.server.biometrics.sensors.ClientMonitorCompositeCallback.onClientStateChanged:65 com.android.server.biometrics.sensors.ClientMonitorCompositeCallback.onClientStateChanged:65 com.android.server.biometrics.sensors.fingerprint.aidl.FingerprintAuthenticationClient.onPointerDown:467 com.android.server.biometrics.sensors.fingerprint.aidl.FingerprintProvider.lambda$onPointerDown$16:860 com.android.server.biometrics.sensors.fingerprint.aidl.FingerprintProvider.$r8$lambda$GKDHtLTZo8kTP9SiLECkPyoybRs:0 
10-19 22:35:35.211 D/BiometricStateCallback( 2631): onClientStateChanged client={[357] com.android.server.biometrics.sensors.fingerprint.aidl.FingerprintAuthenticationClient, proto=3, owner=com.android.settings, cookie=1194908097, requestId=4, userId=0} newState=1
10-19 22:35:35.211 D/BiometricScheduler( 2631): [StateChanged] {[357] com.android.server.biometrics.sensors.fingerprint.aidl.FingerprintAuthenticationClient, proto=3, owner=com.android.settings, cookie=1194908097, requestId=4, userId=0}, state: 1
10-19 22:35:35.555 V/Biometrics/AcquisitionClient( 2631): Acquired: 0 0, shouldSend: true
10-19 22:35:35.556 V/PowerManager( 2631): userActivity when=49409879 event=2 flags=0 displayId=0 by (android) callers=com.android.server.biometrics.sensors.AcquisitionClient.notifyUserActivity:194 com.android.server.biometrics.sensors.AcquisitionClient.onAcquiredInternal:179 com.android.server.biometrics.sensors.AcquisitionClient.onAcquired:165 
10-19 22:35:35.558 D/BiometricService/AuthSession( 2631): sensorId: 0 acquiredInfo: 0 message: null
10-19 22:35:35.559 V/BiometricLogger( 2631): Authentication latency: -1
10-19 22:35:35.559 W/BiometricFrameworkStatsLogger( 2631): found a negative latency : -1
10-19 22:35:35.560 V/Biometrics/AuthenticationClient( 2631): onAuthenticated(true), ID:1849409006, Owner: com.android.settings, isBP: true, listener: com.android.server.biometrics.sensors.ClientMonitorCallbackConverter@3379884, requireConfirmation: false, mOperationId: 0, user: 0, clientMonitor: {[357] com.android.server.biometrics.sensors.fingerprint.aidl.FingerprintAuthenticationClient, proto=3, owner=com.android.settings, cookie=1194908097, requestId=4, userId=0}, displayId: 0
10-19 22:35:35.560 V/BiometricUtils( 2631): Checking if the authenticating is in background, clientPackage:com.android.settings
10-19 22:35:35.562 D/BaseClientMonitor( 2631): marking operation as done: {[357] com.android.server.biometrics.sensors.fingerprint.aidl.FingerprintAuthenticationClient, proto=3, owner=com.android.settings, cookie=1194908097, requestId=4, userId=0}
10-19 22:35:35.562 D/Biometrics/AuthenticationClient( 2631): Skipping addAuthToken
10-19 22:35:35.563 D/BiometricStateCallback( 2631): Client finished, state updated to 0, client {[357] com.android.server.biometrics.sensors.fingerprint.aidl.FingerprintAuthenticationClient, proto=3, owner=com.android.settings, cookie=1194908097, requestId=4, userId=0}
10-19 22:35:35.563 V/BiometricService( 2631): handleAuthenticationSucceeded(), sensorId: 0
10-19 22:35:35.563 D/BiometricUtils( 2631): isEncrypted: false isLockdown: false
10-19 22:35:35.563 D/BiometricSchedulerOperation( 2631): [Finished / destroy]: {[357] com.android.server.biometrics.sensors.fingerprint.aidl.FingerprintAuthenticationClient, proto=3, owner=com.android.settings, cookie=1194908097, requestId=4, userId=0}
10-19 22:35:35.563 D/WindowManager( 2631): applyUdfpsZeroTapConditions udfpsStateChanged=true isKeyguardAuthState=false isUdfpsActivated=true isAmbientDisplayAvailable=1 isDozeEnabled=true enable=false
10-19 22:35:35.563 D/TouchHwAidlService( 2631): enableTapWake mode=16 displayId=-1 mGestureStowMode=true
10-19 22:35:35.565 D/TouchHwAidlService( 2631): setGestureModeHal done mode=16 newMode=16 result=0
10-19 22:35:35.565 V/ALSProbe( 2631): Disable ALS: 160774180
10-19 22:35:35.565 D/FingerprintAuthenticationClient( 2631): Lockout is implemented by the HAL
10-19 22:35:35.565 D/TouchHwAidlService( 2631): Unregister stow sensor
10-19 22:35:35.566 D/TouchHwAidlService( 2631): enableGestureStowMode stowed: false
10-19 22:35:35.566 D/FingerprintProvider/default( 2631): onClientStateChanged clientMonitor: {[357] com.android.server.biometrics.sensors.fingerprint.aidl.FingerprintAuthenticationClient, proto=3, owner=com.android.settings, cookie=1194908097, requestId=4, userId=0} callers: com.android.server.biometrics.sensors.ClientMonitorCompositeCallback.onClientStateChanged:65 com.android.server.biometrics.sensors.ClientMonitorCompositeCallback.onClientStateChanged:65 com.android.server.biometrics.sensors.fingerprint.aidl.FingerprintAuthenticationClient.onAuthenticated:227 com.android.server.biometrics.sensors.fingerprint.aidl.AidlResponseHandler.lambda$onAuthenticationSucceeded$7:272 com.android.server.biometrics.sensors.fingerprint.aidl.AidlResponseHandler.$r8$lambda$TZ4HBupb-65phQlH2oy4vQJvE78:0 
10-19 22:35:35.566 D/BiometricStateCallback( 2631): onClientStateChanged client={[357] com.android.server.biometrics.sensors.fingerprint.aidl.FingerprintAuthenticationClient, proto=3, owner=com.android.settings, cookie=1194908097, requestId=4, userId=0} newState=4
10-19 22:35:35.566 D/BiometricScheduler( 2631): [StateChanged] {[357] com.android.server.biometrics.sensors.fingerprint.aidl.FingerprintAuthenticationClient, proto=3, owner=com.android.settings, cookie=1194908097, requestId=4, userId=0}, state: 4
10-19 22:35:35.567 D/BiometricScheduler( 2631): [Finishing] {[357] com.android.server.biometrics.sensors.fingerprint.aidl.FingerprintAuthenticationClient, proto=3, owner=com.android.settings, cookie=1194908097, requestId=4, userId=0}, success: true
10-19 22:35:35.567 D/GestureAvailabilityTracker( 2631): Notifying gesture availability, active=true
10-19 22:35:35.567 D/BiometricScheduler( 2631): No operations, returning to idle
10-19 22:35:35.567 D/TouchHwAidlService( 2631): setStowGestureMode stowed=false ret=0
10-19 22:35:35.578 E/FingerprintProvider/default( 2631): onPointerUp received during client: null
10-19 22:35:35.579 V/SensorOverlays( 2631): disableUdfpsHbm fpsRefreshRateRequestCallback=android.hardware.fingerprint.IUdfpsRefreshRateRequestCallback$Stub$Proxy@8052825
10-19 22:35:35.579 E/FingerprintProvider/default( 2631): onPointerUp received during client: null
10-19 22:35:35.580 D/PanelsService( 2631): setSfActiveRefreshRateMode enable=false mode=-1
10-19 22:35:35.583 D/PanelsService( 2631): setSfActiveRefreshRateMode enable=false mode=-1
10-19 22:35:35.609 V/SensorOverlays( 2631): disableUdfpsHbm fpsRefreshRateRequestCallback=android.hardware.fingerprint.IUdfpsRefreshRateRequestCallback$Stub$Proxy@e93bb87
10-19 22:35:35.611 D/PanelsService( 2631): setSfActiveRefreshRateMode enable=false mode=-1
10-19 22:35:36.489 V/BiometricService/AuthSession( 2631): Dismissed! Modality: 1, User: 0, IsCrypto: false, Action: 2, Client: 2, Reason: 4, Error: 0, Latency: 2636, SessionId: 220274
10-19 22:35:36.491 D/CoreBackPreview( 2631): Window{f5d4dcd u0 BiometricPrompt}: Setting back callback null
10-19 22:35:36.501 I/keystore2( 1099): system/security/keystore2/src/authorization.rs:114 - add_auth_token(challenge=0, userId=-4006662694008566474, authId=4427427919459127321, authType=0x2, timestamp=105150924ms)
10-19 22:35:36.503 D/BiometricService/AuthSession( 2631): addAuthToken: 0
10-19 22:35:36.504 D/BiometricService( 2631): resetLockout from: 0, for: 4, userId: 0
10-19 22:35:36.504 D/BiometricService/AuthSession( 2631): Cancelling sensorId: 0
10-19 22:35:36.504 D/FingerprintService( 2631): cancelAuthenticationFromService, sensorId: 0
10-19 22:35:36.505 D/BiometricScheduler( 2631): cancelAuthenticationOrDetection, requestId: 4
10-19 22:35:36.505 D/BiometricUtils( 2631): isUdfpsLocalHbmSupport defaultSupport=true debugSupport=false
10-19 22:35:36.505 D/BiometricLogger( 2631): onAllAuthenticatorsRegistered mUdfpsSupport=true
10-19 22:35:36.507 D/BiometricScheduler( 2631): [Added] {[358] com.android.server.biometrics.sensors.face.aidl.FaceResetLockoutClient, proto=12, owner=android, cookie=0, requestId=-1, userId=0}, new queue size: 1
10-19 22:35:36.507 D/BiometricScheduler( 2631): [Polled] {[358] com.android.server.biometrics.sensors.face.aidl.FaceResetLockoutClient, proto=12, owner=android, cookie=0, requestId=-1, userId=0}, State: 0
10-19 22:35:36.507 D/BiometricScheduler( 2631): [Started] {[358] com.android.server.biometrics.sensors.face.aidl.FaceResetLockoutClient, proto=12, owner=android, cookie=0, requestId=-1, userId=0}
10-19 22:35:36.520 D/UsbDeviceManager( 2631): applyOemOverride usbfunctions=rndis,adb bootmode=normal
10-19 22:35:36.524 V/WindowManager( 2631): Unknown focus tokens, dropping reportFocusChanged
10-19 22:35:36.549 V/BiometricSchedulerOperation( 2631): started: {[358] com.android.server.biometrics.sensors.face.aidl.FaceResetLockoutClient, proto=12, owner=android, cookie=0, requestId=-1, userId=0}, State: 2
10-19 22:35:36.549 D/LockoutCache( 2631): Lockout for user: 0 is 0
10-19 22:35:36.550 D/BiometricSchedulerOperation( 2631): [Finished / destroy]: {[358] com.android.server.biometrics.sensors.face.aidl.FaceResetLockoutClient, proto=12, owner=android, cookie=0, requestId=-1, userId=0}
10-19 22:35:36.550 D/BiometricScheduler( 2631): [Finishing] {[358] com.android.server.biometrics.sensors.face.aidl.FaceResetLockoutClient, proto=12, owner=android, cookie=0, requestId=-1, userId=0}, success: true
10-19 22:35:36.550 D/BiometricScheduler( 2631): No operations, returning to idle
10-19 22:35:36.556 I/ActivityManager( 2631): Killing 7282:com.android.settings/u10s1000 (adj 999, setSvc -10000): empty #31
10-19 22:35:36.559 I/ActivityManager( 2631): Killing 7264:com.google.android.apps.turbo/u0a212 (adj 999, setSvc -10000): empty #32
10-19 22:35:36.563 W/PackageConfigPersister( 2631): App-specific configuration not found for packageName: com.android.settings and userId: 0
10-19 22:35:36.603 W/AdbDebuggingManager( 2631): Read failed with count -1
10-19 22:35:36.603 E/AdbDebuggingManager( 2631): Caught an exception opening the socket: java.io.IOException: Connection refused
10-19 22:35:36.605 I/ActivityManager( 2631): appDiedLocked: app=ProcessRecord{cbbf39a 7264:com.google.android.apps.turbo/u0a212} thread=android.os.BinderProxy@6829e39 fromBinderDied=true isKilledByAm=true reason=null
10-19 22:35:36.608 D/RestartModeController( 2631): markWaitRestartAppIsSuicided null processName=com.google.android.apps.turbo
10-19 22:35:36.608 D/DisplayManagerService( 2631): Drop pending events for gone uid 10212
10-19 22:35:36.609 D/ActivityTaskManager( 2631): handleAppDied: uid=10212,diedCount=1,lastDiedTime=48323757,forceStopUids=false
10-19 22:35:36.613 I/ActivityManager( 2631): appDiedLocked: app=ProcessRecord{b2e2525 7282:com.android.settings/u10s1000} thread=android.os.BinderProxy@d53f518 fromBinderDied=true isKilledByAm=true reason=null
10-19 22:35:36.614 D/RestartModeController( 2631): markWaitRestartAppIsSuicided null processName=com.android.settings
10-19 22:35:36.616 D/ActivityTaskManager( 2631): handleAppDied: uid=1001000,diedCount=1,lastDiedTime=48338440,forceStopUids=false
10-19 22:35:36.616 D/DisplayManagerService( 2631): Drop pending events for gone uid 1001000
10-19 22:35:36.724 W/Looper  ( 2631): Slow dispatch took 205ms android.fg h=com.android.server.usb.UsbDeviceManager$UsbHandlerLegacy c=null m=2
10-19 22:35:36.895 D/UsbDeviceManager( 2631): Clear notification
10-19 22:35:36.900 W/PermissionService( 2631): getPermissionFlags: Unknown user -1
10-19 22:35:36.900 W/PermissionService( 2631): getPermissionFlags: Unknown user -1
10-19 22:35:36.901 D/UsbDeviceManager( 2631): push notification:USB tethering turned on.
10-19 22:35:36.907 D/ActivityManager( 2631): unfreezing ProcessRecord{4f50cc8 19949:com.android.DeviceAsWebcam/1000}, reason = unfreezeTemporarily, adj = 920, adjType = cch-empty, adjSource = null
10-19 22:35:36.907 D/ActivityManager( 2631): sync unfroze 19949 com.android.DeviceAsWebcam for 3
10-19 22:35:36.909 D/ActivityManager( 2631): unfreezing ProcessRecord{241cc64 19961:android.process.media/u0a116}, reason = unfreezeTemporarily, adj = 920, adjType = cch-empty, adjSource = null
10-19 22:35:36.910 D/ActivityManager( 2631): sync unfroze 19961 android.process.media for 3
10-19 22:35:37.125 W/NotificationHistory( 2631): Attempted to add notif for locked/gone/disabled user 0
10-19 22:35:37.670 I/DisplayDeviceRepository( 2631): Display device changed render timings: "Built-in Screen", renderFrameRate=90.0, presentationDeadlineNanos=16111111, appVsyncOffsetNanos=4555556
10-19 22:35:37.671 D/BrightnessThermalClamper( 2631): Thermal status observer already started
10-19 22:35:37.672 D/DisplayManagerService( 2631): Ignore redundant display event 0/2 to 10328/4695
10-19 22:35:37.673 D/DisplayManagerService( 2631): Ignore redundant display event 0/2 to 10215/13077
10-19 22:35:37.673 D/DisplayManagerService( 2631): Ignore redundant display event 0/2 to 10227/13446
10-19 22:35:37.673 D/DisplayManagerService( 2631): Ignore redundant display event 0/2 to 10513/16174
10-19 22:35:37.673 D/DisplayManagerService( 2631): Ignore redundant display event 0/2 to 10538/18834
10-19 22:35:37.673 D/DisplayManagerService( 2631): Ignore redundant display event 0/2 to 10197/19374
10-19 22:35:37.673 D/DisplayManagerService( 2631): Ignore redundant display event 0/2 to 10389/20447
10-19 22:35:37.674 D/DisplayManagerService( 2631): Ignore redundant display event 0/2 to 10208/31447
10-19 22:35:37.675 I/DisplayDeviceRepository( 2631): Display device changed render timings: "Built-in Screen", renderFrameRate=60.000004, presentationDeadlineNanos=16666666, appVsyncOffsetNanos=1000000
10-19 22:35:37.678 D/BrightnessThermalClamper( 2631): Thermal status observer already started
10-19 22:35:37.679 D/DisplayManagerService( 2631): Ignore redundant display event 0/2 to 10328/4695
10-19 22:35:37.680 D/DisplayManagerService( 2631): Ignore redundant display event 0/2 to 10215/13077
10-19 22:35:37.680 D/DisplayManagerService( 2631): Ignore redundant display event 0/2 to 10227/13446
10-19 22:35:37.680 D/DisplayManagerService( 2631): Ignore redundant display event 0/2 to 10513/16174
10-19 22:35:37.680 D/DisplayManagerService( 2631): Ignore redundant display event 0/2 to 10538/18834
10-19 22:35:37.680 D/DisplayManagerService( 2631): Ignore redundant display event 0/2 to 10197/19374
